// Jest Snapshot v1, https://goo.gl/fbAQLP

exports[`pruebas en GifGridItem Debe mostrar bien el componente 1`] = `
<div
  className="card animate__animated animate__fadeIn"
>
  <img
    alt="A title"
    src="http://imagen.com"
  />
  <p>
    A title
  </p>
</div>
`;
